python : 2025-11-02 12:53:29.988 | WARNING  | 
python.supreme_system_v5.core:<module>:28 - \u26a0\ufe0f Rust engine not 
available, using Python fallback
At line:1 char:38
+ ... -system-v5; python -c "import sys; sys.stdout.reconfigure(encoding='u ...
+                 ~~~~~~~~~~~~~~~~~~~~~~~~~~~~~~~~~~~~~~~~~~~~~~~~~~~~~~~~~
    + CategoryInfo          : NotSpecified: (2025-11-02 12:5...Python fallback 
   :String) [], RemoteException
    + FullyQualifiedErrorId : NativeCommandError
 
API whale_alert returned status 401
API cryptopanic returned status 404
API tradingeconomics returned status 500
API whale_alert returned status 401
≡ƒÜÇ SUPREME SYSTEM V5 - INTEGRATION TEST SUITE
======================================================================
Testing all components working together...

≡ƒôè PHASE 1: COMPONENT HEALTH CHECKS
----------------------------------------
Testing indicators... ≡ƒÜÇ Benchmarking Ultra Optimized Indicators
==================================================
EMA (14): 0.0000s for 3600 updates
RSI (14): 0.0040s for 3600 updates
MACD (12,26,9): 0.0098s for 3600 updates
.2f

≡ƒôè Memory Usage Estimates:
EMA: ~32 bytes per instance
RSI: ~40 bytes per instance
MACD: ~96 bytes per instance (3 EMAs)
CircularBuffer(100): ~800 bytes
Γ£à PASS
Testing patterns... ≡ƒÜÇ SUPREME SYSTEM V5 - Advanced Pattern Recognition Demo
=================================================================
≡ƒò»∩╕Å  Analyzing candlestick patterns...

Candle 1: 50000 ΓåÆ 50200
   ≡ƒôè SPINNING_TOP: Spinning Top: Small body, long upper and lower shadows
   Strength: 0.80, Type: indecision

Candle 2: 50200 ΓåÆ 50210
   ≡ƒôè SHOOTING_STAR: Shooting Star: Long upper shadow, small body at bottom
   Strength: 0.45, Type: reversal
   ≡ƒôè SPINNING_TOP: Spinning Top: Small body, long upper and lower shadows
   Strength: 0.95, Type: indecision
   ≡ƒôè HIGH_WAVE: High Wave: Very long shadows, small body, high volatility
   Strength: 0.95, Type: indecision

Candle 3: 50100 ΓåÆ 49900
   ≡ƒôè EVENING_STAR: Evening Star: Three-candle bearish reversal pattern
   Strength: 0.95, Type: reversal

Candle 5: 50300 ΓåÆ 50350
   ≡ƒôè SHOOTING_STAR: Shooting Star: Long upper shadow, small body at bottom
   Strength: 0.75, Type: reversal
   ≡ƒôè SPINNING_TOP: Spinning Top: Small body, long upper and lower shadows
   Strength: 0.92, Type: indecision
   ≡ƒôè HIGH_WAVE: High Wave: Very long shadows, small body, high volatility
   Strength: 0.92, Type: indecision

≡ƒôê PATTERN ANALYSIS SUMMARY:
   Total Patterns Detected: 8
   Average Confidence: 0.94
   Pattern Distribution:
   ΓÇó Reversal: 3 patterns
   ΓÇó Continuation: 0 patterns
   ΓÇó Indecision: 5 patterns
   Most Common: spinning_top (3 times)

≡ƒÄ» SYSTEM CAPABILITIES:
   ΓÇó 27 pattern types implemented
   ΓÇó Reversal, Continuation, v├á Indecision patterns
   ΓÇó Confidence-based filtering (75-85% target accuracy)
   ΓÇó Memory-efficient for i3-4GB systems

Γ£à Advanced Pattern Recognition Demo Complete
   Real-time candlestick analysis ready for trading signals!
Γ£à PASS
Testing multitimeframe... ≡ƒÜÇ SUPREME SYSTEM V5 - Multi-Timeframe Engine Demo
============================================================
≡ƒôè Adding price data v├á analyzing timeframes...

ΓÅ░ Minute 15: Consensus Update
   Direction: BULLISH
.2f
.2f
.2f
   Dominant TF: 15m
   Agreement: 80.0%

ΓÅ░ Minute 30: Consensus Update
   Direction: BULLISH
.2f
.2f
.2f
   Dominant TF: 15m
   Agreement: 80.0%

ΓÅ░ Minute 45: Consensus Update
   Direction: BULLISH
.2f
.2f
.2f
   Dominant TF: 15m
   Agreement: 80.0%

ΓÅ░ Minute 60: Consensus Update
   Direction: BULLISH
.2f
.2f
.2f
   Dominant TF: 15m
   Agreement: 80.0%

ΓÅ░ Minute 75: Consensus Update
   Direction: BULLISH
.2f
.2f
.2f
   Dominant TF: 15m
   Agreement: 80.0%

ΓÅ░ Minute 90: Consensus Update
   Direction: BULLISH
.2f
.2f
.2f
   Dominant TF: 15m
   Agreement: 80.0%

ΓÅ░ Minute 105: Consensus Update
   Direction: BULLISH
.2f
.2f
.2f
   Dominant TF: 15m
   Agreement: 80.0%

ΓÅ░ Minute 120: Consensus Update
   Direction: BULLISH
.2f
.2f
.2f
   Dominant TF: 15m
   Agreement: 80.0%

≡ƒôê CONSENSUS EVOLUTION:
   ≡ƒƒó Minute  15: BULLISH (0.80)
   ≡ƒƒó Minute  30: BULLISH (0.80)
   ≡ƒƒó Minute  45: BULLISH (0.80)
   ≡ƒƒó Minute  60: BULLISH (0.80)
   ≡ƒƒó Minute  75: BULLISH (0.80)
   ≡ƒƒó Minute  90: BULLISH (0.80)
   ≡ƒƒó Minute 105: BULLISH (0.80)
   ≡ƒƒó Minute 120: BULLISH (0.80)

≡ƒôè PERFORMANCE STATISTICS:
.1f
   Cache Hit Ratio: 700.0%
   Total Updates: 1
   Cached Hits: 7
   Calculations: 1
.2f
.1f

ΓÅ▒∩╕Å  TIMEFRAME STATUS:
4s
4s
4s
4s

≡ƒÄ» SYSTEM CAPABILITIES:
   ΓÇó 4 timeframe consensus (1m, 5m, 15m, 1h)
   ΓÇó Intelligent caching reduces recalculations by 85%
   ΓÇó Weighted consensus algorithm
   ΓÇó Memory-efficient: ~200MB total
   ΓÇó Real-time consensus updates

Γ£à Multi-Timeframe Engine Demo Complete
   Advanced technical analysis ready for trading signals!
Γ£à PASS
Testing news_classifier... ≡ƒÜÇ SUPREME SYSTEM V5 - News Classification Demo
==================================================

≡ƒô░ NEWS: Federal Reserve Signals Interest Rate Hike
   Category: CRITICAL_MACRO
   Sentiment: NEUTRAL
.2f
.2f
   Action: REDUCE POSITION - Macro uncertainty
.2f
.2f
.1f
.1f

≡ƒô░ NEWS: Bitcoin ETF Approval Expected Soon
   Category: HIGH_CRYPTO
   Sentiment: VERY_BULLISH
.2f
.2f
   Action: BUY - Positive crypto development
.2f
.2f
.1f
.1f

≡ƒô░ NEWS: Whale Accumulates 1000 BTC at Support Level
   Category: MEDIUM_TECHNICAL
   Sentiment: VERY_BULLISH
.2f
.2f
   Action: MODERATE BUY - Technical bullish signal
.2f
.2f
.1f
.1f

Γ£à News Classification Demo Complete
   Target Accuracy: 85-95% based on keyword pattern matching
Γ£à PASS
Testing whale_tracking... ≡ƒÜÇ SUPREME SYSTEM V5 - Whale Tracking Demo
==================================================
≡ƒÉï Analyzing whale activity for BTC-USDT...

≡ƒôè WHALE ACTIVITY ANALYSIS:
.2f
.4f
.3f
.3f
.3f
.2f
   Recommended Action: NEUTRAL - No clear whale signal
   Recent Large Transactions: 3

≡ƒÆ╛ MEMORY USAGE:
   Transactions stored: 3
.1f
   Max capacity: 10000

Γ£à Whale Tracking Demo Complete
   System ready for real-time whale monitoring!
Γ£à PASS
Testing risk_manager... ≡ƒÜÇ SUPREME SYSTEM V5 - Dynamic Risk Manager Demo
============================================================

≡ƒÄ» HIGH CONFIDENCE BULLISH
----------------------------------------
Symbol: BTC-USDT
.2f
Leverage: 11.6x
Risk Level: MODERATE
Leverage Level: MODERATE
.4f
.2f
Stop Loss: $49579
Take Profit: $51262
.3f

Reasoning:
   ΓÇó HIGH confidence - increased position size
   ΓÇó .2f
   ΓÇó .2f

≡ƒÄ» MEDIUM CONFIDENCE BEARISH
----------------------------------------
Symbol: BTC-USDT
.2f
Leverage: 1.4x
Risk Level: ULTRA_LOW
Leverage Level: CONSERVATIVE
.4f
.2f
Stop Loss: $47403
Take Profit: $49792
.3f

Reasoning:
   ΓÇó LOW confidence - reduced position size
   ΓÇó .2f
   ΓÇó LOW leverage due to risk management constraints

≡ƒÄ» LOW CONFIDENCE NEUTRAL
----------------------------------------
Symbol: BTC-USDT
.2f
Leverage: 5.0x
Risk Level: MODERATE
Leverage Level: CONSERVATIVE
.4f
.2f
Stop Loss: $48222
Take Profit: $51334
.3f

Reasoning:
   ΓÇó LOW confidence - reduced position size
   ΓÇó LOW leverage due to risk management constraints

≡ƒôè RISK METRICS OVERVIEW:
   Total Positions: 3
.3f
.4f
.1f

Risk Distribution:
   ULTRA_LOW: 1 positions
   LOW: 0 positions
   MODERATE: 2 positions
   HIGH: 0 positions
   ULTRA_HIGH: 0 positions

Γ£à Dynamic Risk Management Demo Complete
   System adapts position sizing based on signal confidence!
   Target: 2-10% position sizes with leverage 5-50x
Γ£à PASS
Testing apis... ≡ƒÜÇ SUPREME SYSTEM V5 - API Connectivity Test
==================================================
Testing coingecko... Γ£à CONNECTED
Testing cryptopanic... ΓÜá∩╕Å  NO RESPONSE
Testing messari... Γ£à CONNECTED
Testing tradingeconomics... ΓÜá∩╕Å  NO RESPONSE
Testing whale_alert... Γ£à CONNECTED
Testing glassnode... Γ£à CONNECTED

≡ƒôè API CONFIGURATION:
   coingecko: 50 req/min, Free Tier
   cryptopanic: 10 req/min, Free Tier
   messari: 30 req/min, Free Tier
   tradingeconomics: 100 req/min, Free Tier
   whale_alert: 10 req/min, Free Tier
   glassnode: 10 req/min, Free Tier

≡ƒÆí RECOMMENDATION:
   All APIs are configured for FREE tier access
   No API keys required for basic functionality
   Rate limits are conservative to avoid blocking
Γ£à PASS

ΓÜí PHASE 2: PERFORMANCE BENCHMARKING
----------------------------------------
≡ƒÜÇ Benchmarking Ultra Optimized Indicators
==================================================
EMA (14): 0.0000s for 3600 updates
RSI (14): 0.0040s for 3600 updates
MACD (12,26,9): 0.0106s for 3600 updates
.2f

≡ƒôè Memory Usage Estimates:
EMA: ~32 bytes per instance
RSI: ~40 bytes per instance
MACD: ~96 bytes per instance (3 EMAs)
CircularBuffer(100): ~800 bytes
Γ£à Indicator benchmarks completed
Γ£à Pattern recognition: 3 patterns detected
.1f

≡ƒÄ╝ PHASE 3: ORCHESTRATION SYSTEM TESTING
----------------------------------------
.2f
   Components executed: 6
   Decision made: False

≡ƒôê PHASE 4: END-TO-END TRADING SIMULATION
----------------------------------------
   Simulation cycles: 5
   Trading decisions: 0
.1f

≡ƒÆ╛ PHASE 5: RESOURCE COMPLIANCE VALIDATION
----------------------------------------
.1f
   Health status: good
   CPU level: normal
   RAM level: warning
   Performance profile: normal


======================================================================
≡ƒÄ» INTEGRATION TEST COMPLETE
======================================================================

======================================================================
≡ƒôè SUPREME SYSTEM V5 - FINAL TEST REPORT
======================================================================

≡ƒÄ» TEST SUMMARY:
.1f
   Total tests: 28
   Passed: 10
   Failed: 18

≡ƒôï CATEGORY BREAKDOWN:
15s
15s
15s
15s
15s

≡ƒÄû∩╕Å COMPLIANCE VALIDATION:
   Overall compliant: Γ¥î NO
.1f
   Critical tests passed: Γ¥î NO

ΓÅ▒∩╕Å PERFORMANCE METRICS:
.2f

≡ƒÆ╛ RESOURCE IMPACT:
.1f
.2f

≡ƒÆí RECOMMENDATIONS:
   ΓÇó Address failures in: orchestration, trading_simulation, resource_compliance
   ΓÇó Improve overall system reliability (target: 90%+ success rate)
   ΓÇó Monitor system performance in production environment
   ΓÇó Implement automated testing in CI/CD pipeline
   ΓÇó Regular component health checks recommended

≡ƒÅå CONCLUSION:
   ΓÜá∩╕Å Some tests failed - review recommendations above
   ≡ƒöº Address issues before production deployment

======================================================================
